// Jest Snapshot v1, https://goo.gl/fbAQLP

exports[`Input matches snapshot 1`] = `
<Input>
  <label>
     
  </label>
  <input
    className="input text"
    data-valid={null}
    onChange={[Function]}
    type="text"
  />
  <div
    className="invalidMsg"
  >
    <p />
  </div>
</Input>
`;
